src/app/vault/[id]/VaultContent.tsx(6,29): error TS2307: Cannot find module '@/components/FilePreview' or its corresponding type declarations.
src/app/vault/[id]/VaultContent.tsx(7,24): error TS2307: Cannot find module '@/components/Navbar' or its corresponding type declarations.
src/app/vault/[id]/VaultContent.tsx(8,24): error TS2307: Cannot find module '@/components/Footer' or its corresponding type declarations.
src/app/vault/[id]/VaultContent.tsx(10,61): error TS2307: Cannot find module '@/lib/crypto' or its corresponding type declarations.
